2025-03-17 10:40:25,291 [Worker-2: Loading available Gradle versions] INFO  o.e.b.c.i.u.g.PublishedGradleVersions - Gradle version information cache is not available. Remote download required.
2025-03-30 19:14:47,191 [Worker-7: Loading available Gradle versions] INFO  o.e.b.c.i.u.g.PublishedGradleVersions - Gradle version information cache is up-to-date. Trying to read.
2025-03-30 19:15:03,467 [Worker-8: Building] INFO  o.e.m.c.i.l.LifecycleMappingFactory - Using org.maven.ide.eclipse.wtp.WarLifecycleMapping lifecycle mapping for MavenProject: com.korea.attendance:KoreaAttendance:0.0.1-SNAPSHOT @ /Users/mac/Desktop/LearnAlive_git_ver3/LearnAliveLMS/LearnAlive/pom.xml.
2025-03-30 19:15:04,719 [Worker-8: Building] INFO  o.a.m.s.f.DefaultMavenResourcesFiltering - Copying 1 resource from src/main/resources to target/classes
2025-03-30 19:15:04,739 [Worker-8: Building] INFO  o.a.m.s.f.DefaultMavenResourcesFiltering - Copying 6 resources from src/main/resources to target/classes
2025-03-30 19:15:04,750 [Worker-8: Building] INFO  o.a.m.s.f.DefaultMavenResourcesFiltering - skip non existing resourceDirectory /Users/mac/Desktop/LearnAlive_git_ver3/LearnAliveLMS/LearnAlive/src/test/resources
2025-03-30 19:15:04,754 [Worker-8: Building] INFO  o.e.m.w.i.f.ResourceFilteringBuildParticipant - Changed resources require a complete clean of filtered resources of LearnAlive
2025-03-30 19:15:04,754 [Worker-8: Building] INFO  o.e.m.w.i.f.ResourceFilteringBuildParticipant - Executing resource filtering for LearnAlive
2025-03-30 19:15:15,154 [Worker-3: Building] INFO  o.a.m.s.f.DefaultMavenResourcesFiltering - Copying 1 resource from src/main/resources to target/classes
2025-03-30 19:15:15,189 [Worker-3: Building] INFO  o.a.m.s.f.DefaultMavenResourcesFiltering - Copying 6 resources from src/main/resources to target/classes
2025-03-30 19:15:15,203 [Worker-3: Building] INFO  o.a.m.s.f.DefaultMavenResourcesFiltering - skip non existing resourceDirectory /Users/mac/Desktop/LearnAlive_git_ver3/LearnAliveLMS/LearnAlive/src/test/resources
2025-03-30 19:15:49,575 [Worker-11: Loading available Gradle versions] INFO  o.e.b.c.i.u.g.PublishedGradleVersions - Gradle version information cache is up-to-date. Trying to read.
2025-03-30 19:16:58,699 [Worker-13: Building] INFO  o.a.m.s.f.DefaultMavenResourcesFiltering - Copying 1 resource from src/main/resources to target/classes
2025-03-30 19:16:58,745 [Worker-13: Building] INFO  o.a.m.s.f.DefaultMavenResourcesFiltering - Copying 6 resources from src/main/resources to target/classes
2025-03-30 19:16:58,754 [Worker-13: Building] INFO  o.a.m.s.f.DefaultMavenResourcesFiltering - skip non existing resourceDirectory /Users/mac/Desktop/LearnAlive_git_ver3/LearnAliveLMS/LearnAlive/src/test/resources
2025-03-30 19:18:35,906 [Worker-5: Building] INFO  o.a.m.s.f.DefaultMavenResourcesFiltering - Copying 1 resource from src/main/resources to target/classes
2025-03-30 19:18:35,917 [Worker-5: Building] INFO  o.a.m.s.f.DefaultMavenResourcesFiltering - Copying 6 resources from src/main/resources to target/classes
2025-03-30 19:18:35,922 [Worker-5: Building] INFO  o.a.m.s.f.DefaultMavenResourcesFiltering - skip non existing resourceDirectory /Users/mac/Desktop/LearnAlive_git_ver3/LearnAliveLMS/LearnAlive/src/test/resources
2025-03-30 19:19:04,812 [Worker-21: Updating Maven Project] INFO  o.e.m.c.i.p.ProjectConfigurationManager - Update started
2025-03-30 19:19:05,591 [Worker-21: Updating Maven Project] INFO  o.e.m.c.i.l.LifecycleMappingFactory - Using org.maven.ide.eclipse.wtp.WarLifecycleMapping lifecycle mapping for MavenProject: com.korea.attendance:KoreaAttendance:0.0.1-SNAPSHOT @ /Users/mac/Desktop/LearnAlive_git_ver3/LearnAliveLMS/LearnAlive/pom.xml.
2025-03-30 19:19:07,790 [Worker-21: Updating Maven Project] INFO  o.e.m.j.i.AbstractJavaProjectConfigurator - Adding source folder /LearnAlive/src/main/java
2025-03-30 19:19:07,793 [Worker-21: Updating Maven Project] INFO  o.e.m.j.i.AbstractJavaProjectConfigurator - Adding resource folder /LearnAlive/src/main/resources
2025-03-30 19:19:07,794 [Worker-21: Updating Maven Project] INFO  o.e.m.j.i.AbstractJavaProjectConfigurator - Adding resource folder /LearnAlive/src/main/resources
2025-03-30 19:19:07,795 [Worker-21: Updating Maven Project] INFO  o.e.m.j.i.AbstractJavaProjectConfigurator - Adding source folder /LearnAlive/src/test/java
2025-03-30 19:19:07,795 [Worker-21: Updating Maven Project] INFO  o.e.m.j.i.AbstractJavaProjectConfigurator - Adding resource folder /LearnAlive/src/test/resources
2025-03-30 19:19:08,991 [Worker-21: Updating Maven Project] INFO  o.e.m.w.i.f.ResourceFilteringBuildParticipant - Cleaning filtered folder for LearnAlive
2025-03-30 19:19:09,022 [Worker-21: Updating Maven Project] INFO  o.e.m.c.i.p.ProjectConfigurationManager - Update completed for 1 poms: local refresh takes 0.00 sec, refresh facades takes 2.00 sec, update config takes 1.00 sec 
2025-03-30 19:19:13,392 [Worker-4: Building] INFO  o.a.m.s.f.DefaultMavenResourcesFiltering - Copying 1 resource from src/main/resources to target/classes
2025-03-30 19:19:13,410 [Worker-4: Building] INFO  o.a.m.s.f.DefaultMavenResourcesFiltering - Copying 6 resources from src/main/resources to target/classes
2025-03-30 19:19:13,423 [Worker-4: Building] INFO  o.a.m.s.f.DefaultMavenResourcesFiltering - skip non existing resourceDirectory /Users/mac/Desktop/LearnAlive_git_ver3/LearnAliveLMS/LearnAlive/src/test/resources
2025-03-30 19:19:13,424 [Worker-4: Building] INFO  o.e.m.w.i.f.ResourceFilteringBuildParticipant - Changed resources require a complete clean of filtered resources of LearnAlive
2025-03-30 19:19:13,424 [Worker-4: Building] INFO  o.e.m.w.i.f.ResourceFilteringBuildParticipant - Executing resource filtering for LearnAlive
